<html>
<body>
<pre>
<h1>µVision Build Log</h1>
<h2>Tool Versions:</h2>
IDE-Version: £gVision V5.24.2.0
Copyright (C) 2017 ARM Ltd and ARM Germany GmbH. All rights reserved.
License Information: LIAO MING HAO, School, LIC=SDA0P-MCPFV-124LE-5YMJG-U6XJD-XSQKC
 
Tool Versions:
Toolchain:       MDK-ARM Plus  Version: 5.24.1
Toolchain Path:  C:\Keil_v5\ARM\ARMCC\Bin
C Compiler:      Armcc.exe V5.06 update 5 (build 528)
Assembler:       Armasm.exe V5.06 update 5 (build 528)
Linker/Locator:  ArmLink.exe V5.06 update 5 (build 528)
Library Manager: ArmAr.exe V5.06 update 5 (build 528)
Hex Converter:   FromElf.exe V5.06 update 5 (build 528)
CPU DLL:         SARMCM3.DLL V5.24.1
Dialog DLL:      DCM.DLL V1.16.0.0
Target DLL:      STLink\ST-LINKIII-KEIL_SWO.dll V3.0.1.0
Dialog DLL:      TCM.DLL V1.32.0.0
 
<h2>Project:</h2>
C:\Users\user\Desktop\car_steering_wheel_simulator\Projects\STM3210E_EVAL\Templates\MDK-ARM\Project.uvprojx
Project File Date:  12/13/2025

<h2>Output:</h2>
*** Using Compiler 'V5.06 update 5 (build 528)', folder: 'C:\Keil_v5\ARM\ARMCC\Bin'
Build target 'STM3210E_EVAL'
compiling main.c...
../../../../Drivers/CMSIS/Device/ST/STM32F1xx/Include/stm32f103xg.h(3435): warning:  #47-D: incompatible redefinition of macro "SCB_CFSR_IACCVIOL_Pos"  (declared at line 573 of "C:\Keil_v5\ARM\PACK\ARM\CMSIS\5.0.1\CMSIS\Include\core_cm3.h")
  #define SCB_CFSR_IACCVIOL_Pos               (0U)                               
../../../../Drivers/CMSIS/Device/ST/STM32F1xx/Include/stm32f103xg.h(3436): warning:  #47-D: incompatible redefinition of macro "SCB_CFSR_IACCVIOL_Msk"  (declared at line 574 of "C:\Keil_v5\ARM\PACK\ARM\CMSIS\5.0.1\CMSIS\Include\core_cm3.h")
  #define SCB_CFSR_IACCVIOL_Msk               (0x1U << SCB_CFSR_IACCVIOL_Pos)    /*!< 0x00000001 */
../../../../Drivers/CMSIS/Device/ST/STM32F1xx/Include/stm32f103xg.h(3438): warning:  #47-D: incompatible redefinition of macro "SCB_CFSR_DACCVIOL_Pos"  (declared at line 570 of "C:\Keil_v5\ARM\PACK\ARM\CMSIS\5.0.1\CMSIS\Include\core_cm3.h")
  #define SCB_CFSR_DACCVIOL_Pos               (1U)                               
../../../../Drivers/CMSIS/Device/ST/STM32F1xx/Include/stm32f103xg.h(3439): warning:  #47-D: incompatible redefinition of macro "SCB_CFSR_DACCVIOL_Msk"  (declared at line 571 of "C:\Keil_v5\ARM\PACK\ARM\CMSIS\5.0.1\CMSIS\Include\core_cm3.h")
  #define SCB_CFSR_DACCVIOL_Msk               (0x1U << SCB_CFSR_DACCVIOL_Pos)    /*!< 0x00000002 */
../../../../Drivers/CMSIS/Device/ST/STM32F1xx/Include/stm32f103xg.h(3441): warning:  #47-D: incompatible redefinition of macro "SCB_CFSR_MUNSTKERR_Pos"  (declared at line 567 of "C:\Keil_v5\ARM\PACK\ARM\CMSIS\5.0.1\CMSIS\Include\core_cm3.h")
  #define SCB_CFSR_MUNSTKERR_Pos              (3U)                               
../../../../Drivers/CMSIS/Device/ST/STM32F1xx/Include/stm32f103xg.h(3442): warning:  #47-D: incompatible redefinition of macro "SCB_CFSR_MUNSTKERR_Msk"  (declared at line 568 of "C:\Keil_v5\ARM\PACK\ARM\CMSIS\5.0.1\CMSIS\Include\core_cm3.h")
  #define SCB_CFSR_MUNSTKERR_Msk              (0x1U << SCB_CFSR_MUNSTKERR_Pos)   /*!< 0x00000008 */
../../../../Drivers/CMSIS/Device/ST/STM32F1xx/Include/stm32f103xg.h(3444): warning:  #47-D: incompatible redefinition of macro "SCB_CFSR_MSTKERR_Pos"  (declared at line 564 of "C:\Keil_v5\ARM\PACK\ARM\CMSIS\5.0.1\CMSIS\Include\core_cm3.h")
  #define SCB_CFSR_MSTKERR_Pos                (4U)                               
../../../../Drivers/CMSIS/Device/ST/STM32F1xx/Include/stm32f103xg.h(3445): warning:  #47-D: incompatible redefinition of macro "SCB_CFSR_MSTKERR_Msk"  (declared at line 565 of "C:\Keil_v5\ARM\PACK\ARM\CMSIS\5.0.1\CMSIS\Include\core_cm3.h")
  #define SCB_CFSR_MSTKERR_Msk                (0x1U << SCB_CFSR_MSTKERR_Pos)     /*!< 0x00000010 */
../../../../Drivers/CMSIS/Device/ST/STM32F1xx/Include/stm32f103xg.h(3447): warning:  #47-D: incompatible redefinition of macro "SCB_CFSR_MMARVALID_Pos"  (declared at line 561 of "C:\Keil_v5\ARM\PACK\ARM\CMSIS\5.0.1\CMSIS\Include\core_cm3.h")
  #define SCB_CFSR_MMARVALID_Pos              (7U)                               
../../../../Drivers/CMSIS/Device/ST/STM32F1xx/Include/stm32f103xg.h(3448): warning:  #47-D: incompatible redefinition of macro "SCB_CFSR_MMARVALID_Msk"  (declared at line 562 of "C:\Keil_v5\ARM\PACK\ARM\CMSIS\5.0.1\CMSIS\Include\core_cm3.h")
  #define SCB_CFSR_MMARVALID_Msk              (0x1U << SCB_CFSR_MMARVALID_Pos)   /*!< 0x00000080 */
../../../../Drivers/CMSIS/Device/ST/STM32F1xx/Include/stm32f103xg.h(3451): warning:  #47-D: incompatible redefinition of macro "SCB_CFSR_IBUSERR_Pos"  (declared at line 592 of "C:\Keil_v5\ARM\PACK\ARM\CMSIS\5.0.1\CMSIS\Include\core_cm3.h")
  #define SCB_CFSR_IBUSERR_Pos                (8U)                               
../../../../Drivers/CMSIS/Device/ST/STM32F1xx/Include/stm32f103xg.h(3452): warning:  #47-D: incompatible redefinition of macro "SCB_CFSR_IBUSERR_Msk"  (declared at line 593 of "C:\Keil_v5\ARM\PACK\ARM\CMSIS\5.0.1\CMSIS\Include\core_cm3.h")
  #define SCB_CFSR_IBUSERR_Msk                (0x1U << SCB_CFSR_IBUSERR_Pos)     /*!< 0x00000100 */
../../../../Drivers/CMSIS/Device/ST/STM32F1xx/Include/stm32f103xg.h(3454): warning:  #47-D: incompatible redefinition of macro "SCB_CFSR_PRECISERR_Pos"  (declared at line 589 of "C:\Keil_v5\ARM\PACK\ARM\CMSIS\5.0.1\CMSIS\Include\core_cm3.h")
  #define SCB_CFSR_PRECISERR_Pos              (9U)                               
../../../../Drivers/CMSIS/Device/ST/STM32F1xx/Include/stm32f103xg.h(3455): warning:  #47-D: incompatible redefinition of macro "SCB_CFSR_PRECISERR_Msk"  (declared at line 590 of "C:\Keil_v5\ARM\PACK\ARM\CMSIS\5.0.1\CMSIS\Include\core_cm3.h")
  #define SCB_CFSR_PRECISERR_Msk              (0x1U << SCB_CFSR_PRECISERR_Pos)   /*!< 0x00000200 */
../../../../Drivers/CMSIS/Device/ST/STM32F1xx/Include/stm32f103xg.h(3457): warning:  #47-D: incompatible redefinition of macro "SCB_CFSR_IMPRECISERR_Pos"  (declared at line 586 of "C:\Keil_v5\ARM\PACK\ARM\CMSIS\5.0.1\CMSIS\Include\core_cm3.h")
  #define SCB_CFSR_IMPRECISERR_Pos            (10U)                              
../../../../Drivers/CMSIS/Device/ST/STM32F1xx/Include/stm32f103xg.h(3458): warning:  #47-D: incompatible redefinition of macro "SCB_CFSR_IMPRECISERR_Msk"  (declared at line 587 of "C:\Keil_v5\ARM\PACK\ARM\CMSIS\5.0.1\CMSIS\Include\core_cm3.h")
  #define SCB_CFSR_IMPRECISERR_Msk            (0x1U << SCB_CFSR_IMPRECISERR_Pos) /*!< 0x00000400 */
../../../../Drivers/CMSIS/Device/ST/STM32F1xx/Include/stm32f103xg.h(3460): warning:  #47-D: incompatible redefinition of macro "SCB_CFSR_UNSTKERR_Pos"  (declared at line 583 of "C:\Keil_v5\ARM\PACK\ARM\CMSIS\5.0.1\CMSIS\Include\core_cm3.h")
  #define SCB_CFSR_UNSTKERR_Pos               (11U)                              
../../../../Drivers/CMSIS/Device/ST/STM32F1xx/Include/stm32f103xg.h(3461): warning:  #47-D: incompatible redefinition of macro "SCB_CFSR_UNSTKERR_Msk"  (declared at line 584 of "C:\Keil_v5\ARM\PACK\ARM\CMSIS\5.0.1\CMSIS\Include\core_cm3.h")
  #define SCB_CFSR_UNSTKERR_Msk               (0x1U << SCB_CFSR_UNSTKERR_Pos)    /*!< 0x00000800 */
../../../../Drivers/CMSIS/Device/ST/STM32F1xx/Include/stm32f103xg.h(3463): warning:  #47-D: incompatible redefinition of macro "SCB_CFSR_STKERR_Pos"  (declared at line 580 of "C:\Keil_v5\ARM\PACK\ARM\CMSIS\5.0.1\CMSIS\Include\core_cm3.h")
  #define SCB_CFSR_STKERR_Pos                 (12U)                              
../../../../Drivers/CMSIS/Device/ST/STM32F1xx/Include/stm32f103xg.h(3464): warning:  #47-D: incompatible redefinition of macro "SCB_CFSR_STKERR_Msk"  (declared at line 581 of "C:\Keil_v5\ARM\PACK\ARM\CMSIS\5.0.1\CMSIS\Include\core_cm3.h")
  #define SCB_CFSR_STKERR_Msk                 (0x1U << SCB_CFSR_STKERR_Pos)      /*!< 0x00001000 */
../../../../Drivers/CMSIS/Device/ST/STM32F1xx/Include/stm32f103xg.h(3466): warning:  #47-D: incompatible redefinition of macro "SCB_CFSR_BFARVALID_Pos"  (declared at line 577 of "C:\Keil_v5\ARM\PACK\ARM\CMSIS\5.0.1\CMSIS\Include\core_cm3.h")
  #define SCB_CFSR_BFARVALID_Pos              (15U)                              
../../../../Drivers/CMSIS/Device/ST/STM32F1xx/Include/stm32f103xg.h(3467): warning:  #47-D: incompatible redefinition of macro "SCB_CFSR_BFARVALID_Msk"  (declared at line 578 of "C:\Keil_v5\ARM\PACK\ARM\CMSIS\5.0.1\CMSIS\Include\core_cm3.h")
  #define SCB_CFSR_BFARVALID_Msk              (0x1U << SCB_CFSR_BFARVALID_Pos)   /*!< 0x00008000 */
../../../../Drivers/CMSIS/Device/ST/STM32F1xx/Include/stm32f103xg.h(3470): warning:  #47-D: incompatible redefinition of macro "SCB_CFSR_UNDEFINSTR_Pos"  (declared at line 611 of "C:\Keil_v5\ARM\PACK\ARM\CMSIS\5.0.1\CMSIS\Include\core_cm3.h")
  #define SCB_CFSR_UNDEFINSTR_Pos             (16U)                              
../../../../Drivers/CMSIS/Device/ST/STM32F1xx/Include/stm32f103xg.h(3471): warning:  #47-D: incompatible redefinition of macro "SCB_CFSR_UNDEFINSTR_Msk"  (declared at line 612 of "C:\Keil_v5\ARM\PACK\ARM\CMSIS\5.0.1\CMSIS\Include\core_cm3.h")
  #define SCB_CFSR_UNDEFINSTR_Msk             (0x1U << SCB_CFSR_UNDEFINSTR_Pos)  /*!< 0x00010000 */
../../../../Drivers/CMSIS/Device/ST/STM32F1xx/Include/stm32f103xg.h(3473): warning:  #47-D: incompatible redefinition of macro "SCB_CFSR_INVSTATE_Pos"  (declared at line 608 of "C:\Keil_v5\ARM\PACK\ARM\CMSIS\5.0.1\CMSIS\Include\core_cm3.h")
  #define SCB_CFSR_INVSTATE_Pos               (17U)                              
../../../../Drivers/CMSIS/Device/ST/STM32F1xx/Include/stm32f103xg.h(3474): warning:  #47-D: incompatible redefinition of macro "SCB_CFSR_INVSTATE_Msk"  (declared at line 609 of "C:\Keil_v5\ARM\PACK\ARM\CMSIS\5.0.1\CMSIS\Include\core_cm3.h")
  #define SCB_CFSR_INVSTATE_Msk               (0x1U << SCB_CFSR_INVSTATE_Pos)    /*!< 0x00020000 */
../../../../Drivers/CMSIS/Device/ST/STM32F1xx/Include/stm32f103xg.h(3476): warning:  #47-D: incompatible redefinition of macro "SCB_CFSR_INVPC_Pos"  (declared at line 605 of "C:\Keil_v5\ARM\PACK\ARM\CMSIS\5.0.1\CMSIS\Include\core_cm3.h")
  #define SCB_CFSR_INVPC_Pos                  (18U)                              
../../../../Drivers/CMSIS/Device/ST/STM32F1xx/Include/stm32f103xg.h(3477): warning:  #47-D: incompatible redefinition of macro "SCB_CFSR_INVPC_Msk"  (declared at line 606 of "C:\Keil_v5\ARM\PACK\ARM\CMSIS\5.0.1\CMSIS\Include\core_cm3.h")
  #define SCB_CFSR_INVPC_Msk                  (0x1U << SCB_CFSR_INVPC_Pos)       /*!< 0x00040000 */
../../../../Drivers/CMSIS/Device/ST/STM32F1xx/Include/stm32f103xg.h(3479): warning:  #47-D: incompatible redefinition of macro "SCB_CFSR_NOCP_Pos"  (declared at line 602 of "C:\Keil_v5\ARM\PACK\ARM\CMSIS\5.0.1\CMSIS\Include\core_cm3.h")
  #define SCB_CFSR_NOCP_Pos                   (19U)                              
../../../../Drivers/CMSIS/Device/ST/STM32F1xx/Include/stm32f103xg.h(3480): warning:  #47-D: incompatible redefinition of macro "SCB_CFSR_NOCP_Msk"  (declared at line 603 of "C:\Keil_v5\ARM\PACK\ARM\CMSIS\5.0.1\CMSIS\Include\core_cm3.h")
  #define SCB_CFSR_NOCP_Msk                   (0x1U << SCB_CFSR_NOCP_Pos)        /*!< 0x00080000 */
../../../../Drivers/CMSIS/Device/ST/STM32F1xx/Include/stm32f103xg.h(3482): warning:  #47-D: incompatible redefinition of macro "SCB_CFSR_UNALIGNED_Pos"  (declared at line 599 of "C:\Keil_v5\ARM\PACK\ARM\CMSIS\5.0.1\CMSIS\Include\core_cm3.h")
  #define SCB_CFSR_UNALIGNED_Pos              (24U)                              
../../../../Drivers/CMSIS/Device/ST/STM32F1xx/Include/stm32f103xg.h(3483): warning:  #47-D: incompatible redefinition of macro "SCB_CFSR_UNALIGNED_Msk"  (declared at line 600 of "C:\Keil_v5\ARM\PACK\ARM\CMSIS\5.0.1\CMSIS\Include\core_cm3.h")
  #define SCB_CFSR_UNALIGNED_Msk              (0x1U << SCB_CFSR_UNALIGNED_Pos)   /*!< 0x01000000 */
../../../../Drivers/CMSIS/Device/ST/STM32F1xx/Include/stm32f103xg.h(3485): warning:  #47-D: incompatible redefinition of macro "SCB_CFSR_DIVBYZERO_Pos"  (declared at line 596 of "C:\Keil_v5\ARM\PACK\ARM\CMSIS\5.0.1\CMSIS\Include\core_cm3.h")
  #define SCB_CFSR_DIVBYZERO_Pos              (25U)                              
../../../../Drivers/CMSIS/Device/ST/STM32F1xx/Include/stm32f103xg.h(3486): warning:  #47-D: incompatible redefinition of macro "SCB_CFSR_DIVBYZERO_Msk"  (declared at line 597 of "C:\Keil_v5\ARM\PACK\ARM\CMSIS\5.0.1\CMSIS\Include\core_cm3.h")
  #define SCB_CFSR_DIVBYZERO_Msk              (0x1U << SCB_CFSR_DIVBYZERO_Pos)   /*!< 0x02000000 */
../Inc/gpio.h(26): warning:  #1-D: last line of file ends without a newline
  #endif /* __GPIO_H */
../Inc/adc.h(15): warning:  #1-D: last line of file ends without a newline
  #endif /* __ADC_H */
../Inc/rtc.h(16): warning:  #1-D: last line of file ends without a newline
  #endif /* __RTC_H */
../Src/main.c(177): warning:  #188-D: enumerated type mixed with another type
  		
ED4((i == 0) ? 1 : 0);
../Src/main.c(178): warning:  #188-D: enumerated type mixed with another type
  		
ED3((i == 1) ? 1 : 0);
../Src/main.c(179): warning:  #188-D: enumerated type mixed with another type
  		
ED2((i == 2) ? 1 : 0);
../Src/main.c(180): warning:  #188-D: enumerated type mixed with another type
  		
ED1((i == 3) ? 1 : 0);
../Src/main.c(185): warning:  #188-D: enumerated type mixed with another type
  		
ED4((i % 2) ? 1 : 0);
../Src/main.c(186): warning:  #188-D: enumerated type mixed with another type
  		
ED3((i % 2) ? 1 : 0);
../Src/main.c(187): warning:  #188-D: enumerated type mixed with another type
  		
ED2((i % 2) ? 1 : 0);
../Src/main.c(188): warning:  #188-D: enumerated type mixed with another type
  		
ED1((i % 2) ? 1 : 0);
../Src/main.c(233): warning:  #167-D: argument of type "uint8_t *" is incompatible with parameter of type "char *restrict"
  						sprintf(lcd_buf, " Time: %02d:%02d:%02d ", system_hour, system_min, system_sec);
../Src/main.c(234): warning:  #167-D: argument of type "uint8_t *" is incompatible with parameter of type "char *"
  						LCD_DrawString_Text(2, 0, lcd_buf);
../Src/main.c(235): warning:  #167-D: argument of type "uint8_t *" is incompatible with parameter of type "char *restrict"
  						sprintf(lcd_buf, " LT:%3s  RT:%3s ", (
EFT_TRIG ? "Hi" : "Lo"), (
IGHT_TRIG ? "Hi" : "Lo"));
../Src/main.c(236): warning:  #167-D: argument of type "uint8_t *" is incompatible with parameter of type "char *"
  						LCD_DrawString_Text(4, 0, lcd_buf);
../Src/main.c(237): warning:  #167-D: argument of type "uint8_t *" is incompatible with parameter of type "char *restrict"
  						sprintf(lcd_buf, " LB:%3s  RB:%3s ", (
EFT_BTN ? "Hi" : "Lo"), (
IGHT_BTN ? "Hi" : "Lo"));
../Src/main.c(238): warning:  #167-D: argument of type "uint8_t *" is incompatible with parameter of type "char *"
  						LCD_DrawString_Text(6, 0, lcd_buf);
../Src/main.c(243): warning:  #167-D: argument of type "uint8_t *" is incompatible with parameter of type "char *restrict"
  						sprintf(lcd_buf, "ENC Value: %5d", enc_value);
../Src/main.c(244): warning:  #167-D: argument of type "uint8_t *" is incompatible with parameter of type "char *"
  						LCD_DrawString_Text(2, 0, lcd_buf);
../Src/main.c(245): warning:  #167-D: argument of type "uint8_t *" is incompatible with parameter of type "char *restrict"
  						sprintf(lcd_buf, "ENC Offset:%5d", enc_offset);
../Src/main.c(246): warning:  #167-D: argument of type "uint8_t *" is incompatible with parameter of type "char *"
  						LCD_DrawString_Text(4, 0, lcd_buf);
../Src/main.c(247): warning:  #167-D: argument of type "uint8_t *" is incompatible with parameter of type "char *restrict"
  						sprintf(lcd_buf, "  VR1: %4d mV ", HAL_USER_ADC_GetVolt());
../Src/main.c(248): warning:  #167-D: argument of type "uint8_t *" is incompatible with parameter of type "char *"
  						LCD_DrawString_Text(6, 0, lcd_buf);
../Src/main.c(290): warning:  #167-D: argument of type "uint8_t *" is incompatible with parameter of type "char *restrict"
  						sprintf(lcd_buf, "   %02d:%02d:%02d   ", system_hour, system_min, system_sec);
../Src/main.c(291): warning:  #167-D: argument of type "uint8_t *" is incompatible with parameter of type "char *"
  						LCD_DrawString_Text(2, 0, lcd_buf);
../Src/main.c(295): warning:  #167-D: argument of type "uint8_t *" is incompatible with parameter of type "char *restrict"
  							sprintf(lcd_buf, "                    ");
../Src/main.c(296): warning:  #167-D: argument of type "uint8_t *" is incompatible with parameter of type "char *"
  							LCD_DrawString_Text(4, 0, lcd_buf);	
../Src/main.c(299): warning:  #167-D: argument of type "uint8_t *" is incompatible with parameter of type "char *restrict"
  						if(start_blink)	sprintf(lcd_buf, "  Engine Start  "); 
../Src/main.c(300): warning:  #167-D: argument of type "uint8_t *" is incompatible with parameter of type "char *restrict"
  						else						sprintf(lcd_buf, "                ");
../Src/main.c(301): warning:  #167-D: argument of type "uint8_t *" is incompatible with parameter of type "char *"
  						LCD_DrawString_Text(6, 0, lcd_buf);
../Src/main.c(316): warning:  #188-D: enumerated type mixed with another type
  						
ED4(((HAL_GetTick() - press_cnt) / 230 > 3) ? 1 : 0);
../Src/main.c(317): warning:  #188-D: enumerated type mixed with another type
  						
ED3(((HAL_GetTick() - press_cnt) / 230 > 6) ? 1 : 0);
../Src/main.c(318): warning:  #188-D: enumerated type mixed with another type
  						
ED2(((HAL_GetTick() - press_cnt) / 230 > 9) ? 1 : 0);
../Src/main.c(319): warning:  #188-D: enumerated type mixed with another type
  						
ED1(((HAL_GetTick() - press_cnt) / 230 > 12) ? 1 : 0);
../Src/main.c(323): warning:  #167-D: argument of type "uint8_t *" is incompatible with parameter of type "char *"
  						LCD_DrawString_Text(4, 0, lcd_buf);	
../Src/main.c(359): warning:  #188-D: enumerated type mixed with another type
  				
ED4((car_rpm >= 1600) ? 1 : 0);
../Src/main.c(360): warning:  #188-D: enumerated type mixed with another type
  				
ED3((car_rpm >= 3200) ? 1 : 0);
../Src/main.c(361): warning:  #188-D: enumerated type mixed with another type
  				
ED2((car_rpm >= 4800) ? 1 : 0);
../Src/main.c(362): warning:  #188-D: enumerated type mixed with another type
  				
ED1((car_rpm >= 6400) ? 1 : 0);
../Src/main.c(426): warning:  #167-D: argument of type "uint8_t *" is incompatible with parameter of type "char *restrict"
  							sprintf(lcd_buf, "Gear %1d  %02d:%02d:%02d", car_gear, system_hour, system_min, system_sec);
../Src/main.c(427): warning:  #167-D: argument of type "uint8_t *" is incompatible with parameter of type "char *"
  							LCD_DrawString_Text(0, 0, lcd_buf);
../Src/main.c(428): warning:  #167-D: argument of type "uint8_t *" is incompatible with parameter of type "char *restrict"
  							sprintf(lcd_buf, "  Deg  %+3d.%1d    ", car_steer_angle / 10, (car_steer_angle >= 0 ? car_steer_angle : -car_steer_angle) % 10);
../Src/main.c(429): warning:  #167-D: argument of type "uint8_t *" is incompatible with parameter of type "char *"
  							LCD_DrawString_Text(2, 0, lcd_buf);
../Src/main.c(430): warning:  #167-D: argument of type "uint8_t *" is incompatible with parameter of type "char *restrict"
  							sprintf(lcd_buf, "%4d RPM %3d Kmh", car_rpm, car_speed);
../Src/main.c(431): warning:  #167-D: argument of type "uint8_t *" is incompatible with parameter of type "char *"
  							LCD_DrawString_Text(4, 0, lcd_buf);
../Src/main.c(432): warning:  #167-D: argument of type "uint8_t *" is incompatible with parameter of type "char *restrict"
  							sprintf(lcd_buf, "Brk %03d  Thr %03d", car_brake, car_throttle);
../Src/main.c(433): warning:  #167-D: argument of type "uint8_t *" is incompatible with parameter of type "char *"
  							LCD_DrawString_Text(6, 0, lcd_buf);
../Src/main.c(438): warning:  #167-D: argument of type "uint8_t *" is incompatible with parameter of type "char *restrict"
  							sprintf(lcd_buf, "Sensitive: %+3d.%d ", enc_sensitive / 10, (enc_sensitive >= 0 ? enc_sensitive : -enc_sensitive) % 10);
../Src/main.c(439): warning:  #167-D: argument of type "uint8_t *" is incompatible with parameter of type "char *"
  							LCD_DrawString_Text(2, 0, lcd_buf);
../Src/main.c(440): warning:  #167-D: argument of type "uint8_t *" is incompatible with parameter of type "char *restrict"
  							sprintf(lcd_buf, "ENC Value: %5d", enc_value);
../Src/main.c(441): warning:  #167-D: argument of type "uint8_t *" is incompatible with parameter of type "char *"
  							LCD_DrawString_Text(4, 0, lcd_buf);
../Src/main.c(442): warning:  #167-D: argument of type "uint8_t *" is incompatible with parameter of type "char *restrict"
  							sprintf(lcd_buf, "ENC Offset:%5d", enc_offset);
../Src/main.c(443): warning:  #167-D: argument of type "uint8_t *" is incompatible with parameter of type "char *"
  							LCD_DrawString_Text(6, 0, lcd_buf);
../Src/main.c(271): warning:  #177-D: variable "page"  was declared but never referenced
  		static uint8_t page = 0;
../Src/main.c(273): warning:  #177-D: variable "tamper_last"  was declared but never referenced
  		static uint8_t tamper_last = 1;
../Src/main.c(274): warning:  #177-D: variable "wakeup_last"  was declared but never referenced
  		static uint8_t wakeup_last = 1;
../Src/main.c: 90 warnings, 0 errors
linking...
Program Size: Code=16026 RO-data=398 RW-data=3760 ZI-data=1192  
"STM3210E_EVAL\STM3210E_EVAL.axf" - 0 Error(s), 90 Warning(s).

<h2>Software Packages used:</h2>

Package Vendor: ARM
                http://www.keil.com/pack/ARM.CMSIS.5.0.1.pack
                ARM.CMSIS.5.0.1
                CMSIS (Cortex Microcontroller Software Interface Standard)
   * Component: CORE Version: 5.0.1

Package Vendor: Keil
                https://www.keil.com/pack/Keil.STM32F1xx_DFP.2.4.1.pack
                Keil.STM32F1xx_DFP.2.4.1
                STMicroelectronics STM32F1 Series Device Support, Drivers and Examples

<h2>Collection of Component include folders:</h2>
  .\RTE\_STM3210E_EVAL
  C:\Keil_v5\ARM\PACK\ARM\CMSIS\5.0.1\CMSIS\Include
  C:\Keil_v5\ARM\PACK\Keil\STM32F1xx_DFP\2.4.1\Device\Include

<h2>Collection of Component Files used:</h2>

   * Component: ARM::CMSIS:CORE:5.0.1
Build Time Elapsed:  00:00:04
</pre>
</body>
</html>
